// Jest Snapshot v1, https://goo.gl/fbAQLP

exports[`Companies renders correctly 1`] = `
<div
  className="details-container"
>
  <div
    className="heading"
  >
    <img
      alt="flag"
      className="flag-image"
      src="img"
    />
    <h2>
      Country :
       
      <span>
        Kenya
      </span>
    </h2>
  </div>
  <div
    className="more-details"
  >
    <p>
      <span>
        Population :
      </span>
      <span>
        28875
      </span>
    </p>
    <p>
      <span>
        Capital City :
      </span>
      <span>
        Nairobi
      </span>
    </p>
    <p>
      <span>
         Nation Size :
      </span>
      <span>
        500
      </span>
    </p>
    <p>
      <span>
         AlphaCode :
      </span>
      <span>
        KEN
      </span>
    </p>
    <p>
      <span>
         Region :
      </span>
      <span>
        Africa
      </span>
    </p>
    <p>
      <span>
         Calling Code :
      </span>
      <span>
        254
      </span>
    </p>
  </div>
</div>
`;
